canonical_accession,measurement_value,recorded_at
A00001,2.5000,2024/03/01 11:45:00
P99999,3.1416,2024/03/01 10:15:30
