measurement,captured_at
0.1235,2024-03-15
,2024-04-01
9.8765,2024-05-20
